cascade teacher (0.15, 0.3, 2.0, 0.6) audition 12/12 rate 1.00
demos 400: outer 120042, inner 120042
/home/lavender/Projects/Geodesique/.venv/lib/python3.12/site-packages/sklearn/neural_network/_multilayer_perceptron.py:785: ConvergenceWarning: Stochastic Optimizer: Maximum iterations (200) reached and the optimization hasn't converged yet.
  warnings.warn(
controls outer_phi: MLP 0.682 1-NN 0.594
/home/lavender/Projects/Geodesique/.venv/lib/python3.12/site-packages/sklearn/neural_network/_multilayer_perceptron.py:785: ConvergenceWarning: Stochastic Optimizer: Maximum iterations (200) reached and the optimization hasn't converged yet.
  warnings.warn(
controls inner_diff: MLP 0.890 1-NN 0.768
round 0: 0/100 tf_inner 0.507 (outer 120042)
round 1: 0/100 tf_inner 0.479 (outer 130297)
round 2: 0/100 tf_inner 0.431 (outer 139139)
round 3: 0/100 tf_inner 0.417 (outer 149000)
round 4: 0/100 tf_inner 0.373 (outer 157411)
round 5: 0/100 tf_inner 0.368 (outer 166671)
{
  "teacher_rate": 1.0,
  "gains": [
    0.15,
    0.3,
    2.0,
    0.6
  ],
  "mlp_outer_phi": 0.682,
  "nn1_outer_phi": 0.594,
  "mlp_inner_diff": 0.89,
  "nn1_inner_diff": 0.768,
  "r0": 0,
  "r0_tf_inner": 0.507,
  "r1": 0,
  "r1_tf_inner": 0.479,
  "r2": 0,
  "r2_tf_inner": 0.431,
  "r3": 0,
  "r3_tf_inner": 0.417,
  "r4": 0,
  "r4_tf_inner": 0.373,
  "r5": 0,
  "r5_tf_inner": 0.368,
  "best": {
    "score": 0,
    "round": 0
  }
}
