cascade teacher (0.15, 0.3, 2.0, 0.6) audition 12/12 rate 1.00
demos 400: outer 120042, inner 120042
/home/lavender/Projects/Geodesique/.venv/lib/python3.12/site-packages/sklearn/neural_network/_multilayer_perceptron.py:785: ConvergenceWarning: Stochastic Optimizer: Maximum iterations (200) reached and the optimization hasn't converged yet.
  warnings.warn(
controls outer_phi: MLP 0.682 1-NN 0.594
/home/lavender/Projects/Geodesique/.venv/lib/python3.12/site-packages/sklearn/neural_network/_multilayer_perceptron.py:785: ConvergenceWarning: Stochastic Optimizer: Maximum iterations (200) reached and the optimization hasn't converged yet.
  warnings.warn(
controls inner_diff: MLP 0.890 1-NN 0.768
round 0: 2/100 tf_inner 0.683 (outer 120042)
round 1: 3/100 tf_inner 0.592 (outer 138905)
round 2: 1/100 tf_inner 0.533 (outer 150338)
round 3: 0/100 tf_inner 0.440 (outer 165953)
round 4: 0/100 tf_inner 0.436 (outer 176497)
round 5: 1/100 tf_inner 0.394 (outer 184339)
{
  "teacher_rate": 1.0,
  "gains": [
    0.15,
    0.3,
    2.0,
    0.6
  ],
  "mlp_outer_phi": 0.682,
  "nn1_outer_phi": 0.594,
  "mlp_inner_diff": 0.89,
  "nn1_inner_diff": 0.768,
  "r0": 2,
  "r0_tf_inner": 0.683,
  "r1": 3,
  "r1_tf_inner": 0.592,
  "r2": 1,
  "r2_tf_inner": 0.533,
  "r3": 0,
  "r3_tf_inner": 0.44,
  "r4": 0,
  "r4_tf_inner": 0.436,
  "r5": 1,
  "r5_tf_inner": 0.394,
  "best": {
    "score": 3,
    "round": 1
  }
}
