cascade teacher (0.15, 0.3, 2.0, 0.6) audition 12/12 rate 1.00
demos 400: outer 120042, inner 120042
/home/lavender/Projects/Geodesique/.venv/lib/python3.12/site-packages/sklearn/neural_network/_multilayer_perceptron.py:785: ConvergenceWarning: Stochastic Optimizer: Maximum iterations (200) reached and the optimization hasn't converged yet.
  warnings.warn(
controls outer_phi: MLP 0.682 1-NN 0.594
/home/lavender/Projects/Geodesique/.venv/lib/python3.12/site-packages/sklearn/neural_network/_multilayer_perceptron.py:785: ConvergenceWarning: Stochastic Optimizer: Maximum iterations (200) reached and the optimization hasn't converged yet.
  warnings.warn(
controls inner_diff: MLP 0.890 1-NN 0.768
round 0: 14/100 tf_inner 0.752 (outer 120042)
round 1: 20/100 tf_inner 0.699 (outer 139464)
round 2: 14/100 tf_inner 0.620 (outer 158246)
{
  "teacher_rate": 1.0,
  "gains": [
    0.15,
    0.3,
    2.0,
    0.6
  ],
  "mlp_outer_phi": 0.682,
  "nn1_outer_phi": 0.594,
  "mlp_inner_diff": 0.89,
  "nn1_inner_diff": 0.768,
  "r0": 14,
  "r0_tf_inner": 0.752,
  "r1": 20,
  "r1_tf_inner": 0.699,
  "r2": 14,
  "r2_tf_inner": 0.62,
  "best": {
    "score": 20,
    "round": 1
  }
}
