denoising decoder, by mismatch with noise on every level's input:
    ep 1  pixel mismatch 0.1205
    ep 2  pixel mismatch 0.0466
    ep 3  pixel mismatch 0.0420
    ep 4  pixel mismatch 0.0390
trained and saved  (96s)
plain        cos 0.592 -> 0.699   pixel error 0.0192 -> 0.0226   sharpness 0.0126 -> 0.0223   head on final 0.704   imagined: cos 0.503 -> 0.629 sharp 0.0087 -> 0.0173  (104s)
plain_blend  cos 0.592 -> 0.581   pixel error 0.0192 -> 0.0229   sharpness 0.0126 -> 0.0132   head on final 0.638   imagined: cos 0.503 -> 0.480 sharp 0.0087 -> 0.0075  (106s)
dae          cos 0.539 -> 0.595   pixel error 0.0298 -> 0.0415   sharpness 0.0103 -> 0.0184   head on final 0.657   imagined: cos 0.500 -> 0.549 sharp 0.0076 -> 0.0147  (108s)
dae_nocorr   cos 0.539 -> 0.539   pixel error 0.0298 -> 0.0298   sharpness 0.0103 -> 0.0103   head on final 0.631   imagined: cos 0.500 -> 0.500 sharp 0.0076 -> 0.0076  (110s)
dae_blend    cos 0.539 -> 0.497   pixel error 0.0298 -> 0.0455   sharpness 0.0103 -> 0.0123   head on final 0.592   imagined: cos 0.500 -> 0.470 sharp 0.0076 -> 0.0080  (112s)
# Results

500 test faces as requests, 10 cycles, alpha 0.5, noise start 0.5, blend 0.5.  The head reads real faces at 0.834.

| arm | code agreement 0 -> K | pixel error 0 -> K | sharpness 0 -> K | head on final render | imagined: agreement 0 -> K | imagined: sharpness 0 -> K |
|---|---|---|---|---|---|---|
| plain | 0.592 -> 0.699 | 0.0192 -> 0.0226 | 0.0126 -> 0.0223 | 0.704 | 0.503 -> 0.629 | 0.0087 -> 0.0173 |
| plain_blend | 0.592 -> 0.581 | 0.0192 -> 0.0229 | 0.0126 -> 0.0132 | 0.638 | 0.503 -> 0.480 | 0.0087 -> 0.0075 |
| dae | 0.539 -> 0.595 | 0.0298 -> 0.0415 | 0.0103 -> 0.0184 | 0.657 | 0.500 -> 0.549 | 0.0076 -> 0.0147 |
| dae_nocorr | 0.539 -> 0.539 | 0.0298 -> 0.0298 | 0.0103 -> 0.0103 | 0.631 | 0.500 -> 0.500 | 0.0076 -> 0.0076 |
| dae_blend | 0.539 -> 0.497 | 0.0298 -> 0.0455 | 0.0103 -> 0.0123 | 0.592 | 0.500 -> 0.470 | 0.0076 -> 0.0080 |
done in 115s
