/home/lavender/Projects/Geodesique/.venv/lib/python3.12/site-packages/cuda/pathfinder/_dynamic_libs/search_steps.py:187: UserWarning: Both CUDA_HOME and CUDA_PATH are set but differ:
  CUDA_HOME=/usr/local/cuda
  CUDA_PATH=/opt/cuda
Using CUDA_HOME (higher priority).
  cuda_home = get_cuda_home_or_path()
[fullseq_cpu] 5000/55000
[fullseq_cpu] 10000/55000
[fullseq_cpu] 15000/55000
[fullseq_cpu] 20000/55000
[fullseq_cpu] 25000/55000
[fullseq_cpu] 30000/55000
[fullseq_cpu] 35000/55000
[fullseq_cpu] 40000/55000
[fullseq_cpu] 45000/55000
[fullseq_cpu] 50000/55000
[fullseq_cpu] 55000/55000
{
  "train_n": 55000,
  "test_n": 5000,
  "r_train": 4,
  "units_used": [
    64,
    64,
    100
  ],
  "fullseq_cpu_L1_res_R1_mse": 0.01639,
  "fullseq_cpu_L1_res_R1_corr": 0.921,
  "fullseq_cpu_L1_res_R2_mse": 0.00992,
  "fullseq_cpu_L1_res_R2_corr": 0.948,
  "fullseq_cpu_L1_res_R3_mse": 0.00764,
  "fullseq_cpu_L1_res_R3_corr": 0.958,
  "fullseq_cpu_L1_res_R4_mse": 0.00651,
  "fullseq_cpu_L1_res_R4_corr": 0.964,
  "fullseq_cpu_L1_res_R5_mse": 0.00584,
  "fullseq_cpu_L1_res_R5_corr": 0.967,
  "fullseq_cpu_L1_res_R6_mse": 0.00539,
  "fullseq_cpu_L1_res_R6_corr": 0.969,
  "fullseq_cpu_L1_graded_mse": 0.01072,
  "fullseq_cpu_L1_graded_corr": 0.938,
  "fullseq_cpu_L2_parity_mse": 0.01842,
  "fullseq_cpu_L2_parity_corr": 0.892,
  "fullseq_cpu_L2_sc_graded_mse": 0.01885,
  "fullseq_cpu_L2_sc_graded_corr": 0.889,
  "fullseq_cpu_L2_res_R1_mse": 0.01807,
  "fullseq_cpu_L2_res_R1_corr": 0.893,
  "fullseq_cpu_L2_res_R2_mse": 0.0157,
  "fullseq_cpu_L2_res_R2_corr": 0.907,
  "fullseq_cpu_L2_res_R3_mse": 0.01534,
  "fullseq_cpu_L2_res_R3_corr": 0.909,
  "fullseq_cpu_L2_res_R4_mse": 0.01538,
  "fullseq_cpu_L2_res_R4_corr": 0.909,
  "fullseq_cpu_L3_parity_mse": 0.02273,
  "fullseq_cpu_L3_parity_corr": 0.866,
  "fullseq_cpu_L3_res_mse": 0.02253,
  "fullseq_cpu_L3_res_corr": 0.867,
  "fullseq_cpu_matchq_L1": [
    0.773,
    0.588,
    0.473,
    0.39,
    0.331,
    0.287
  ],
  "fullseq_cpu_matchq_L2": [
    0.451,
    0.349,
    0.29,
    0.249
  ],
  "fullseq_cpu_matchq_L3": [
    0.39,
    0.315,
    0.272,
    0.242
  ]
}
