bridge arm done
1000/5000
2000/5000
3000/5000
4000/5000
5000/5000
{
  "test_n": 5000,
  "rmax": 6,
  "res_floor": 0.02,
  "L1_R1_renorm_mse": 0.0109,
  "L1_R1_renorm_corr": 0.936,
  "L1_R1_mse": 0.01366,
  "L1_R1_corr": 0.93,
  "L1_R2_mse": 0.00995,
  "L1_R2_corr": 0.943,
  "L1_R3_mse": 0.00868,
  "L1_R3_corr": 0.95,
  "L1_R4_mse": 0.00795,
  "L1_R4_corr": 0.954,
  "L1_R5_mse": 0.00747,
  "L1_R5_corr": 0.957,
  "L1_R6_mse": 0.00711,
  "L1_R6_corr": 0.959,
  "mean_residual_norm_per_round": [
    0.542,
    0.466,
    0.432,
    0.411,
    0.396,
    0.384
  ],
  "mean_match_quality_per_round": [
    0.807,
    0.468,
    0.335,
    0.281,
    0.249,
    0.224
  ],
  "frac_windows_reaching_round": [
    1.0,
    1.0,
    1.0,
    1.0,
    1.0,
    1.0
  ]
}
