60000 training digits, 10000 test digits, cuda
judge: 0.9876 on real test digits  (7s)
forward (trained): 0.9865 on real test digits  (9s)
trained_tied:
    ep 1  mismatch  L1 0.9101  L2 2.1287  L3 3.1629
    ep 2  mismatch  L1 0.2057  L2 0.5919  L3 0.8259
    ep 3  mismatch  L1 0.0345  L2 0.1484  L3 0.3396
    ep 4  mismatch  L1 0.0121  L2 0.0717  L3 0.2901
    ep 5  mismatch  L1 0.0108  L2 0.0650  L3 0.2881
    raw/normed  recon 0.853/0.873  spread 0.817/0.817  spread4 0.103/0.788  concept spread 0.9/0.9  spread4 0.1/0.9  (15s)
trained_untied:
    ep 1  mismatch  L1 0.0407  L2 0.0122  L3 0.0649
    ep 2  mismatch  L1 0.0052  L2 0.0039  L3 0.0310
    ep 3  mismatch  L1 0.0032  L2 0.0038  L3 0.0309
    ep 4  mismatch  L1 0.0030  L2 0.0038  L3 0.0309
    ep 5  mismatch  L1 0.0030  L2 0.0038  L3 0.0310
    raw/normed  recon 0.984/0.984  spread 0.077/0.077  spread4 0.408/0.452  concept spread 0.1/0.1  spread4 0.4/0.4  (20s)
trained_mixed:
    ep 1  mismatch  L1 0.0328  L2 0.0184  L3 0.1417
    ep 2  mismatch  L1 0.0097  L2 0.0105  L3 0.1108
    ep 3  mismatch  L1 0.0079  L2 0.0102  L3 0.1102
    ep 4  mismatch  L1 0.0076  L2 0.0102  L3 0.1102
    ep 5  mismatch  L1 0.0076  L2 0.0102  L3 0.1102
    raw/normed  recon 0.985/0.985  spread 0.104/0.104  spread4 0.613/0.609  concept spread 0.1/0.1  spread4 0.6/0.6  (28s)
random_tied:
    ep 1  mismatch  L1 0.0422  L2 0.0218  L3 0.0071
    ep 2  mismatch  L1 0.0341  L2 0.0196  L3 0.0063
    ep 3  mismatch  L1 0.0339  L2 0.0181  L3 0.0059
    ep 4  mismatch  L1 0.0339  L2 0.0171  L3 0.0056
    ep 5  mismatch  L1 0.0340  L2 0.0166  L3 0.0055
    raw/normed  recon 0.609/0.727  spread 0.102/0.141  spread4 0.103/0.141  concept spread 0.1/0.1  spread4 0.1/0.1  (33s)
random_untied:
    ep 1  mismatch  L1 0.0332  L2 0.0046  L3 0.0008
    ep 2  mismatch  L1 0.0084  L2 0.0014  L3 0.0003
    ep 3  mismatch  L1 0.0063  L2 0.0012  L3 0.0002
    ep 4  mismatch  L1 0.0057  L2 0.0011  L3 0.0002
    ep 5  mismatch  L1 0.0055  L2 0.0011  L3 0.0002
    raw/normed  recon 0.972/0.972  spread 0.114/0.114  spread4 0.279/0.341  concept spread 0.1/0.1  spread4 0.2/0.3  (38s)
# Results

Judge on real test digits: 0.9876.  Forward net (trained arm) on real test digits: 0.9865.

Each cell is the fraction of renders the judge names correctly, as rendered / after dividing each render by its own maximum.
10,000 test digits for recon and imag; 10 class-mean renders for concept.  mse = pixel error of the reconstruction to the original.
The corner mode (value in one fixed position of the pool) is in metrics.json; it was below 0.25 everywhere.

| arm | recon | recon mse | imag spread | imag spread4 | concept spread | concept spread4 | test mismatch L1 / L2 / L3 |
|---|---|---|---|---|---|---|---|
| trained_tied | 0.853 / 0.873 | 0.0518 | 0.817 / 0.817 | 0.103 / 0.788 | 0.9 / 0.9 | 0.1 / 0.9 | 0.0111 / 0.0655 / 0.2885 |
| trained_untied | 0.984 / 0.984 | 0.0060 | 0.077 / 0.077 | 0.408 / 0.452 | 0.1 / 0.1 | 0.4 / 0.4 | 0.0030 / 0.0038 / 0.0307 |
| trained_mixed | 0.985 / 0.985 | 0.0059 | 0.104 / 0.104 | 0.613 / 0.609 | 0.1 / 0.1 | 0.6 / 0.6 | 0.0045 / 0.0061 / 0.0506 |
| random_tied | 0.609 / 0.727 | 0.0739 | 0.102 / 0.141 | 0.103 / 0.141 | 0.1 / 0.1 | 0.1 / 0.1 | 0.0347 / 0.0165 / 0.0055 |
| random_untied | 0.972 / 0.972 | 0.0098 | 0.114 / 0.114 | 0.279 / 0.341 | 0.1 / 0.1 | 0.2 / 0.3 | 0.0055 / 0.0011 / 0.0002 |
done in 42s
