split-MNIST, WHOLE DIGIT receptive field: 400 templates x 784 px, 1 position, beta 1.5, 40 epochs
  6041 images of 0-4, 5959 of 5-9, test 3000
    phase-A learning curve (epoch, test 0-4): 4:0.9745 8:0.9664 12:0.9738 16:0.9832 20:0.9819 24:0.9805 28:0.9805 32:0.9819 36:0.9812 40:0.9819

  seed 7  after phase A: old 0.9819  (2s)
    online  old 0.9590  new 0.7426  all 0.8500
    seq     old 0.9510  new 0.8259  all 0.8880
    oracle  old 0.9449  new 0.8471  all 0.8957
    frozen  old 0.7905  new 0.4970  all 0.6427
    joint   old 0.9147  new 0.8716  all 0.8930   (9s)
    churn on old data 0.211   dead-in-A 0/400   B wins into dead_in_A 0.00 light_in_A 0.49 heavy_in_A 0.51

  seed 8  after phase A: old 0.9846  (2s)
    online  old 0.9637  new 0.7631  all 0.8627
    seq     old 0.9483  new 0.8511  all 0.8993
    oracle  old 0.9382  new 0.8663  all 0.9020
    frozen  old 0.8005  new 0.5235  all 0.6610
    joint   old 0.9208  new 0.9034  all 0.9120   (9s)

  seed 9  after phase A: old 0.9832  (2s)
    online  old 0.9543  new 0.7267  all 0.8397
    seq     old 0.9355  new 0.8425  all 0.8887
    oracle  old 0.9308  new 0.8637  all 0.8970
    frozen  old 0.8187  new 0.4851  all 0.6507
    joint   old 0.9342  new 0.8802  all 0.9070   (9s)

  over 3 seed(s):
    old classes: after A 0.9832  ->  seq 0.9449+-0.0067   (oracle 0.9380, joint 0.9232)
    REPRESENTATION damage (joint - oracle): -0.0148
    BOOKKEEPING staleness (oracle - seq):   -0.0069
    churn 0.211

    patch rig for comparison: churn 0.542, damage +0.0002, staleness +0.2583