30 experts x 8 templates, 12000 train / 3000 test
  encoded (120s)

==============================================
  1 sum of rebuilds            0.4143
  2 LLR bag                    0.5460
  3 LLR by 4x4 cell            0.9423
  4 LLR by cell, top-40        0.8207
  5 dense expert map           0.9717
  6 dense opinion map          0.9150
  ref: dense k-means-64 map    0.9817
==============================================

  1 sum of rebuilds   accuracy 0.4143
     class  prec   rec    f1     n
       0   0.570  0.372  0.450    317
       1   0.794  0.402  0.534    326
       2   0.500  0.010  0.020    290
       3   0.569  0.825  0.674    303
       4   0.756  0.391  0.516    253
       5   0.435  0.465  0.450    288
       6   0.577  0.049  0.090    307
       7   0.230  0.781  0.355    319
       8   0.330  0.337  0.333    306
       9   0.437  0.485  0.459    291
     macro  0.520  0.412  0.388
     confusion (row = true)
             0     1     2     3     4     5     6     7     8     9
      0    118     2     0     6     5    15     0    77    83    11
      1      1   131     0     2     9     3     2   175     2     1
      2     12     1     3    46     2    61     7   120    17    21
      3      3     2     1   250     0    18     0    23     1     5
      4      1    13     0     3    99     8     1   111     6    11
      5      5     1     0    52     0   134     0    47    17    32
      6     32     7     1     3     8    13    15   144    63    21
      7      0     3     0    31     0     5     1   249     3    27
      8     31     2     1    28     2    43     0    43   103    53
      9      4     3     0    18     6     8     0    94    17   141

  3 LLR by 4x4 cell   accuracy 0.9423
     class  prec   rec    f1     n
       0   0.944  0.950  0.947    317
       1   0.958  0.979  0.968    326
       2   0.914  0.952  0.932    290
       3   0.940  0.927  0.934    303
       4   0.976  0.968  0.972    253
       5   0.982  0.958  0.970    288
       6   0.987  0.961  0.974    307
       7   0.966  0.887  0.925    319
       8   0.865  0.902  0.883    306
       9   0.905  0.945  0.924    291
     macro  0.944  0.943  0.943
     confusion (row = true)
             0     1     2     3     4     5     6     7     8     9
      0    301     1     3     0     0     2     2     0     8     0
      1      0   319     3     0     2     0     0     0     2     0
      2      2     1   276     4     0     0     0     0     7     0
      3      3     0     7   281     0     0     0     3     6     3
      4      0     3     1     0   245     0     0     0     1     3
      5      2     0     0     5     0   276     1     0     4     0
      6      2     1     0     0     0     1   295     0     8     0
      7      1     2     7     1     1     0     0   283     5    19
      8      8     5     5     4     1     2     1     0   276     4
      9      0     1     0     4     2     0     0     7     2   275

  ref: dense k-means-64 map   accuracy 0.9817
     class  prec   rec    f1     n
       0   0.991  0.987  0.989    317
       1   0.985  0.994  0.989    326
       2   0.983  0.969  0.976    290
       3   0.980  0.980  0.980    303
       4   0.973  0.984  0.978    253
       5   0.990  0.990  0.990    288
       6   0.990  0.984  0.987    307
       7   0.969  0.981  0.975    319
       8   0.980  0.984  0.982    306
       9   0.976  0.962  0.969    291
     macro  0.982  0.981  0.982
     confusion (row = true)
             0     1     2     3     4     5     6     7     8     9
      0    313     0     0     0     0     0     3     0     1     0
      1      0   324     2     0     0     0     0     0     0     0
      2      0     3   281     2     0     0     0     3     1     0
      3      0     0     2   297     0     1     0     2     0     1
      4      0     1     0     1   249     0     0     1     0     1
      5      0     0     0     0     0   285     0     1     1     1
      6      1     0     0     0     1     1   302     0     2     0
      7      1     0     0     2     1     0     0   313     1     1
      8      0     0     1     0     1     0     0     0   301     3
      9      1     1     0     1     4     1     0     3     0   280

done in 130s
