/home/lavender/Projects/Geodesique/.venv/lib/python3.12/site-packages/cuda/pathfinder/_dynamic_libs/search_steps.py:187: UserWarning: Both CUDA_HOME and CUDA_PATH are set but differ:
  CUDA_HOME=/usr/local/cuda
  CUDA_PATH=/opt/cuda
Using CUDA_HOME (higher priority).
  cuda_home = get_cuda_home_or_path()
Fashion 12000/3000, both layers training, seeds [7, 8]

arm        seed L1 table L2 recount  online dead1 dead2  hires1 hires2  res ok/bad
frozen        7   0.8027     0.8153  0.8170     0     0       0   4502  0.18/0.26   (12s)
frozen        8   0.8027     0.8167  0.8177     0     0       0   4536  0.18/0.26   (11s)
           mean   0.8027     0.8160
learns        7   0.8067     0.8173  0.8167     0     0       0   4579  0.20/0.28   (13s)
learns        8   0.8013     0.8180  0.8200     0     0       0   4506  0.20/0.28   (13s)
           mean   0.8040     0.8177
residual      7   0.8047     0.8123  0.8090     0     0 5306605   4564  0.20/0.28   (14s)
residual      8   0.8013     0.8210  0.8217     0     0 4640291   4539  0.19/0.28   (14s)
           mean   0.8030     0.8167
Fashion 12000/3000, both layers training, seeds [7, 8]
arm        seed L1 table L2 recount  online dead1 dead2  hires1 hires2  res ok/bad
expected      7   0.8047     0.8187  0.8193     0     0 4912474   4539  0.20/0.28   (14s)
expected      8   0.8017     0.8183  0.8167     0     0 4458696   4524  0.20/0.28   (13s)
           mean   0.8032     0.8185
