/home/lavender/Projects/Geodesique/.venv/lib/python3.12/site-packages/cuda/pathfinder/_dynamic_libs/search_steps.py:187: UserWarning: Both CUDA_HOME and CUDA_PATH are set but differ:
  CUDA_HOME=/usr/local/cuda
  CUDA_PATH=/opt/cuda
Using CUDA_HOME (higher priority).
  cuda_home = get_cuda_home_or_path()
9x9, 400 positions, 3 epochs, seeds [7, 8], train 40000 / test 10000

arm               recount           (seeds)   online  dead  purity
top1 none          0.9739  (0.9738/0.9740)   0.9738    16   0.444   (22s)
none + hire        0.9740  (0.9737/0.9743)   0.9737    12   0.443   (25s)
summed + hire      0.9717  (0.9716/0.9718)   0.9399     0   0.986   (54s)
/home/lavender/Projects/Geodesique/.venv/lib/python3.12/site-packages/cuda/pathfinder/_dynamic_libs/search_steps.py:187: UserWarning: Both CUDA_HOME and CUDA_PATH are set but differ:
  CUDA_HOME=/usr/local/cuda
  CUDA_PATH=/opt/cuda
Using CUDA_HOME (higher priority).
  cuda_home = get_cuda_home_or_path()
5x5, 576 positions, 3 epochs, seeds [7, 8], train 40000 / test 10000

arm               recount           (seeds)   online  dead  purity
top1 none          0.9708  (0.9706/0.9710)   0.9710     6   0.362   (24s)
none + hire        0.9709  (0.9705/0.9713)   0.9709     6   0.362   (25s)
summed + hire      0.9671  (0.9669/0.9673)   0.8568     0   0.975   (71s)
