/home/lavender/Projects/Geodesique/.venv/lib/python3.12/site-packages/cuda/pathfinder/_dynamic_libs/search_steps.py:187: UserWarning: Both CUDA_HOME and CUDA_PATH are set but differ:
  CUDA_HOME=/usr/local/cuda
  CUDA_PATH=/opt/cuda
Using CUDA_HOME (higher priority).
  cuda_home = get_cuda_home_or_path()
epoch 5/20
epoch 10/20
epoch 15/20
epoch 20/20
free-run pixel done
free-run code done
{
  "T": 32,
  "epochs": 20,
  "units_used": [
    128,
    128,
    512
  ],
  "top_max_win_share": 0.0417,
  "tf_train": 0.637,
  "tf_held": 0.36,
  "free_pixel_train_advance": 0.0,
  "free_pixel_train_match": 0.755,
  "free_pixel_held_advance": 0.0,
  "free_pixel_held_match": 0.396,
  "free_code_train_advance": 0.0,
  "free_code_train_match": 0.751,
  "free_code_held_advance": 0.0,
  "free_code_held_match": 0.396
}
