/home/lavender/Projects/Geodesique/.venv/lib/python3.12/site-packages/cuda/pathfinder/_dynamic_libs/search_steps.py:187: UserWarning: Both CUDA_HOME and CUDA_PATH are set but differ:
  CUDA_HOME=/usr/local/cuda
  CUDA_PATH=/opt/cuda
Using CUDA_HOME (higher priority).
  cuda_home = get_cuda_home_or_path()
[exp4seq] eval 6.9s
[l1only] trained in 8.9s
[l1only] eval 6.9s
[full] trained in 11.5s
[full] eval 7.0s
{
  "xp": "cupy",
  "train_n": 55000,
  "test_n": 5000,
  "r_train": 4,
  "arms": [
    "exp4seq",
    "l1only",
    "full"
  ],
  "exp4seq_L1_res_R1_mse": 0.01639,
  "exp4seq_L1_res_R1_corr": 0.921,
  "exp4seq_L1_res_R2_mse": 0.00992,
  "exp4seq_L1_res_R2_corr": 0.948,
  "exp4seq_L1_res_R3_mse": 0.00764,
  "exp4seq_L1_res_R3_corr": 0.958,
  "exp4seq_L1_res_R4_mse": 0.00651,
  "exp4seq_L1_res_R4_corr": 0.964,
  "exp4seq_L1_res_R5_mse": 0.00584,
  "exp4seq_L1_res_R5_corr": 0.967,
  "exp4seq_L1_res_R6_mse": 0.00539,
  "exp4seq_L1_res_R6_corr": 0.969,
  "exp4seq_L1_graded_mse": 0.01072,
  "exp4seq_L1_graded_corr": 0.938,
  "exp4seq_L2_parity_mse": 0.01975,
  "exp4seq_L2_parity_corr": 0.884,
  "exp4seq_L2_sc_graded_mse": 0.02032,
  "exp4seq_L2_sc_graded_corr": 0.881,
  "exp4seq_L2_res_R1_mse": 0.01808,
  "exp4seq_L2_res_R1_corr": 0.893,
  "exp4seq_L2_res_R2_mse": 0.01631,
  "exp4seq_L2_res_R2_corr": 0.903,
  "exp4seq_L2_res_R3_mse": 0.01611,
  "exp4seq_L2_res_R3_corr": 0.904,
  "exp4seq_L2_res_R4_mse": 0.01621,
  "exp4seq_L2_res_R4_corr": 0.904,
  "exp4seq_L3_parity_mse": 0.02615,
  "exp4seq_L3_parity_corr": 0.847,
  "exp4seq_L3_res_mse": 0.02443,
  "exp4seq_L3_res_corr": 0.857,
  "exp4seq_matchq_L1": [
    0.773,
    0.588,
    0.473,
    0.39,
    0.331,
    0.287
  ],
  "exp4seq_matchq_L2": [
    0.482,
    0.36,
    0.288,
    0.241
  ],
  "exp4seq_matchq_L3": [
    0.435,
    0.333,
    0.271,
    0.229
  ],
  "l1only_units_used": [
    64,
    64,
    100
  ],
  "l1only_L1_res_R1_mse": 0.01715,
  "l1only_L1_res_R1_corr": 0.92,
  "l1only_L1_res_R2_mse": 0.01058,
  "l1only_L1_res_R2_corr": 0.944,
  "l1only_L1_res_R3_mse": 0.00853,
  "l1only_L1_res_R3_corr": 0.953,
  "l1only_L1_res_R4_mse": 0.00766,
  "l1only_L1_res_R4_corr": 0.957,
  "l1only_L1_res_R5_mse": 0.00722,
  "l1only_L1_res_R5_corr": 0.959,
  "l1only_L1_res_R6_mse": 0.00697,
  "l1only_L1_res_R6_corr": 0.96,
  "l1only_L1_graded_mse": 0.01245,
  "l1only_L1_graded_corr": 0.929,
  "l1only_L2_parity_mse": 0.02009,
  "l1only_L2_parity_corr": 0.882,
  "l1only_L2_sc_graded_mse": 0.02384,
  "l1only_L2_sc_graded_corr": 0.86,
  "l1only_L2_res_R1_mse": 0.04212,
  "l1only_L2_res_R1_corr": 0.744,
  "l1only_L2_res_R2_mse": 0.03209,
  "l1only_L2_res_R2_corr": 0.809,
  "l1only_L2_res_R3_mse": 0.0284,
  "l1only_L2_res_R3_corr": 0.832,
  "l1only_L2_res_R4_mse": 0.02657,
  "l1only_L2_res_R4_corr": 0.843,
  "l1only_L3_parity_mse": 0.03183,
  "l1only_L3_parity_corr": 0.813,
  "l1only_L3_res_mse": 0.03498,
  "l1only_L3_res_corr": 0.794,
  "l1only_matchq_L1": [
    0.758,
    0.557,
    0.401,
    0.305,
    0.238,
    0.194
  ],
  "l1only_matchq_L2": [
    0.504,
    0.364,
    0.286,
    0.234
  ],
  "l1only_matchq_L3": [
    0.466,
    0.363,
    0.293,
    0.244
  ],
  "full_units_used": [
    64,
    64,
    100
  ],
  "full_L1_res_R1_mse": 0.01767,
  "full_L1_res_R1_corr": 0.917,
  "full_L1_res_R2_mse": 0.01088,
  "full_L1_res_R2_corr": 0.943,
  "full_L1_res_R3_mse": 0.00877,
  "full_L1_res_R3_corr": 0.951,
  "full_L1_res_R4_mse": 0.00788,
  "full_L1_res_R4_corr": 0.956,
  "full_L1_res_R5_mse": 0.00743,
  "full_L1_res_R5_corr": 0.958,
  "full_L1_res_R6_mse": 0.00717,
  "full_L1_res_R6_corr": 0.959,
  "full_L1_graded_mse": 0.01239,
  "full_L1_graded_corr": 0.929,
  "full_L2_parity_mse": 0.02004,
  "full_L2_parity_corr": 0.882,
  "full_L2_sc_graded_mse": 0.02511,
  "full_L2_sc_graded_corr": 0.852,
  "full_L2_res_R1_mse": 0.04886,
  "full_L2_res_R1_corr": 0.698,
  "full_L2_res_R2_mse": 0.03756,
  "full_L2_res_R2_corr": 0.774,
  "full_L2_res_R3_mse": 0.03283,
  "full_L2_res_R3_corr": 0.804,
  "full_L2_res_R4_mse": 0.03039,
  "full_L2_res_R4_corr": 0.819,
  "full_L3_parity_mse": 0.02521,
  "full_L3_parity_corr": 0.851,
  "full_L3_res_mse": 0.04085,
  "full_L3_res_corr": 0.752,
  "full_matchq_L1": [
    0.754,
    0.558,
    0.399,
    0.302,
    0.236,
    0.189
  ],
  "full_matchq_L2": [
    0.458,
    0.345,
    0.277,
    0.225
  ],
  "full_matchq_L3": [
    0.407,
    0.322,
    0.275,
    0.24
  ]
}
